cat-dog
quote*
dog_cat
(
defone
define*
(
)
3
worldif
53459
87
lambda*
2.3
(
he
false
true
llo
5
true
8
if*
)
33.55
)
quack
foolish
)
